// Jest Snapshot v1, https://goo.gl/fbAQLP

exports[`LoadingIndicator renders correctly 1`] = `
<div
  className="loading-indicator"
>
  <div
    className="loading-indicator__text"
  >
    Loadingâ€¦
  </div>
</div>
`;
